---
http_interactions:
- request:
    method: post
    uri: https://pasind3-prod.shotgunstudio.com/api/v1/auth/access_token?client_id=<SCRIPT_NAME>&client_secret=<SCRIPT_KEY>&grant_type=client_credentials
    body:
      encoding: US-ASCII
      string: ''
    headers:
      User-Agent:
      - Faraday v1.4.2
      Content-Type:
      - application/x-www-form-urlencoded
      Accept:
      - application/json
  response:
    status:
      code: 200
      message: OK
    headers:
      date:
      - Mon, 14 Jun 2021 06:49:53 GMT
      content-type:
      - application/json; charset=utf-8
      transfer-encoding:
      - chunked
      connection:
      - keep-alive
      cache-control:
      - private, max-age=0, must-revalidate
      etag:
      - W/"8dd9a7200d8d09494d1631fc2383d14d"
      server:
      - nginx + Phusion Passenger(R)
      status:
      - 200 OK
      strict-transport-security:
      - max-age=63072000; includeSubDomains; preload
      x-frame-options:
      - SAMEORIGIN
      x-request-id:
      - d47259fc823b972cc8872c255f683ac9
    body:
      encoding: ASCII-8BIT
      string: '{"token_type":"Bearer","access_token":"<ACCESS_TOKEN>","expires_in":600,"refresh_token":"<REFRESH_TOKEN>"}'
  recorded_at: Mon, 14 Jun 2021 06:49:53 GMT
- request:
    method: post
    uri: https://pasind3-prod.shotgunstudio.com/api/v1/entity/Asset
    body:
      encoding: UTF-8
      string: '{"project":{"type":"Project","id":155}}'
    headers:
      User-Agent:
      - Faraday v1.4.2
      Content-Type:
      - application/json
      Accept:
      - application/json
      Authorization: "<ACCESS_TOKEN>"
  response:
    status:
      code: 201
      message: Created
    headers:
      date:
      - Mon, 14 Jun 2021 06:49:53 GMT
      content-type:
      - application/json; charset=utf-8
      content-length:
      - '2364'
      connection:
      - keep-alive
      cache-control:
      - no-cache, max-age=0
      server:
      - nginx + Phusion Passenger(R)
      status:
      - 201 Created
      strict-transport-security:
      - max-age=63072000; includeSubDomains; preload
      x-frame-options:
      - SAMEORIGIN
      x-request-id:
      - ccbd5c217b71b2d236ba81e85e6d6069
    body:
      encoding: UTF-8
      string: '{"data":{"type":"Asset","attributes":{"cached_display_name":"New Asset
        1579","updated_at":"2021-06-14 06:49:53 UTC","created_at":"2021-06-14 06:49:53
        UTC","code":"New Asset 1579","sg_status_list":"wtg","open_notes_count":0},"relationships":{"shots":{"data":[],"links":{"self":"/api/v1/entity/assets/1579/relationships/shots"}},"parents":{"data":[],"links":{"self":"/api/v1/entity/assets/1579/relationships/parents"}},"assets":{"data":[],"links":{"self":"/api/v1/entity/assets/1579/relationships/assets"}},"tasks":{"data":[],"links":{"self":"/api/v1/entity/assets/1579/relationships/tasks"}},"mocap_takes":{"data":[],"links":{"self":"/api/v1/entity/assets/1579/relationships/mocap_takes"}},"addressings_cc":{"data":[],"links":{"self":"/api/v1/entity/assets/1579/relationships/addressings_cc"}},"sequences":{"data":[],"links":{"self":"/api/v1/entity/assets/1579/relationships/sequences"}},"created_by":{"data":{"id":60,"name":"<SCRIPT_NAME>
        1.0","type":"ApiUser"},"links":{"self":"/api/v1/entity/assets/1579/relationships/created_by","related":"/api/v1/entity/api_users/60"}},"updated_by":{"data":{"id":60,"name":"<SCRIPT_NAME>
        1.0","type":"ApiUser"},"links":{"self":"/api/v1/entity/assets/1579/relationships/updated_by","related":"/api/v1/entity/api_users/60"}},"sg_versions":{"data":[],"links":{"self":"/api/v1/entity/assets/1579/relationships/sg_versions"}},"sg_published_files":{"data":[],"links":{"self":"/api/v1/entity/assets/1579/relationships/sg_published_files"}},"episodes":{"data":[],"links":{"self":"/api/v1/entity/assets/1579/relationships/episodes"}},"levels":{"data":[],"links":{"self":"/api/v1/entity/assets/1579/relationships/levels"}},"project":{"data":{"id":155,"name":"Photo
        Site","type":"Project"},"links":{"self":"/api/v1/entity/assets/1579/relationships/project","related":"/api/v1/entity/projects/155"}},"tags":{"data":[],"links":{"self":"/api/v1/entity/assets/1579/relationships/tags"}},"sg_vendor_groups":{"data":[],"links":{"self":"/api/v1/entity/assets/1579/relationships/sg_vendor_groups"}},"notes":{"data":[],"links":{"self":"/api/v1/entity/assets/1579/relationships/notes"}},"open_notes":{"data":[],"links":{"self":"/api/v1/entity/assets/1579/relationships/open_notes"}},"linked_projects":{"data":[],"links":{"self":"/api/v1/entity/assets/1579/relationships/linked_projects"}}},"id":1579,"links":{"self":"/api/v1/entity/assets/1579"}}}'
  recorded_at: Mon, 14 Jun 2021 06:49:53 GMT
- request:
    method: get
    uri: https://pasind3-prod.shotgunstudio.com/api/v1/entity/Asset?fields=%2A&filter%5Bid%5D=1579&page%5Bnumber%5D=1&page%5Bsize%5D=1
    body:
      encoding: US-ASCII
      string: ''
    headers:
      User-Agent:
      - Faraday v1.4.2
      Accept:
      - application/json
      Authorization: "<ACCESS_TOKEN>"
  response:
    status:
      code: 200
      message: OK
    headers:
      date:
      - Mon, 14 Jun 2021 06:49:54 GMT
      content-type:
      - application/json; charset=utf-8
      transfer-encoding:
      - chunked
      connection:
      - keep-alive
      cache-control:
      - private, max-age=0, must-revalidate
      etag:
      - W/"f110b0c71409dc35fc8fa4d8191c01b0"
      server:
      - nginx + Phusion Passenger(R)
      status:
      - 200 OK
      strict-transport-security:
      - max-age=63072000; includeSubDomains; preload
      x-frame-options:
      - SAMEORIGIN
      x-request-id:
      - 7461f697e10b1ac9e7791ffa4d3edd9b
    body:
      encoding: ASCII-8BIT
      string: '{"data":[{"type":"Asset","attributes":{"image":null,"description":null,"image_blur_hash":null,"step_0":null,"cached_display_name":"New
        Asset 1579","updated_at":"2021-06-14T06:49:53Z","filmstrip_image":null,"created_at":"2021-06-14T06:49:53Z","sg_keep":false,"sg_asset_type":null,"sg_color":null,"code":"New
        Asset 1579","sg_outsource":false,"sg_creative_brief":null,"step_13":null,"step_129":null,"step_16":null,"step_137":null,"step_15":null,"step_14":null,"sg_status_list":"wtg","step_32":null,"step_130":null,"step_131":null,"step_132":null,"open_notes_count":0},"relationships":{"shots":{"data":[],"links":{"self":"/api/v1/entity/assets/1579/relationships/shots"}},"parents":{"data":[],"links":{"self":"/api/v1/entity/assets/1579/relationships/parents"}},"assets":{"data":[],"links":{"self":"/api/v1/entity/assets/1579/relationships/assets"}},"tasks":{"data":[],"links":{"self":"/api/v1/entity/assets/1579/relationships/tasks"}},"mocap_takes":{"data":[],"links":{"self":"/api/v1/entity/assets/1579/relationships/mocap_takes"}},"task_template":{"data":null,"links":{"self":"/api/v1/entity/assets/1579/relationships/task_template"}},"addressings_cc":{"data":[],"links":{"self":"/api/v1/entity/assets/1579/relationships/addressings_cc"}},"sequences":{"data":[],"links":{"self":"/api/v1/entity/assets/1579/relationships/sequences"}},"created_by":{"data":{"id":60,"name":"<SCRIPT_NAME>
        1.0","type":"ApiUser"},"links":{"self":"/api/v1/entity/assets/1579/relationships/created_by","related":"/api/v1/entity/api_users/60"}},"updated_by":{"data":{"id":60,"name":"<SCRIPT_NAME>
        1.0","type":"ApiUser"},"links":{"self":"/api/v1/entity/assets/1579/relationships/updated_by","related":"/api/v1/entity/api_users/60"}},"sg_versions":{"data":[],"links":{"self":"/api/v1/entity/assets/1579/relationships/sg_versions"}},"sg_published_files":{"data":[],"links":{"self":"/api/v1/entity/assets/1579/relationships/sg_published_files"}},"episodes":{"data":[],"links":{"self":"/api/v1/entity/assets/1579/relationships/episodes"}},"levels":{"data":[],"links":{"self":"/api/v1/entity/assets/1579/relationships/levels"}},"project":{"data":{"id":155,"name":"Photo
        Site","type":"Project"},"links":{"self":"/api/v1/entity/assets/1579/relationships/project","related":"/api/v1/entity/projects/155"}},"tags":{"data":[],"links":{"self":"/api/v1/entity/assets/1579/relationships/tags"}},"image_source_entity":{"data":null,"links":{"self":"/api/v1/entity/assets/1579/relationships/image_source_entity"}},"sg_vendor_groups":{"data":[],"links":{"self":"/api/v1/entity/assets/1579/relationships/sg_vendor_groups"}},"sg_toto":{"data":null,"links":{"self":"/api/v1/entity/assets/1579/relationships/sg_toto"}},"notes":{"data":[],"links":{"self":"/api/v1/entity/assets/1579/relationships/notes"}},"open_notes":{"data":[],"links":{"self":"/api/v1/entity/assets/1579/relationships/open_notes"}},"linked_projects":{"data":[],"links":{"self":"/api/v1/entity/assets/1579/relationships/linked_projects"}}},"id":1579,"links":{"self":"/api/v1/entity/assets/1579"}}],"links":{"self":"/api/v1/entity/Asset?fields=%2A&filter%5Bid%5D=1579&page%5Bnumber%5D=1&page%5Bsize%5D=1","next":"/api/v1/entity/Asset?fields=%2A&filter%5Bid%5D=1579&page%5Bnumber%5D=2&page%5Bsize%5D=1"}}'
  recorded_at: Mon, 14 Jun 2021 06:49:54 GMT
- request:
    method: delete
    uri: https://pasind3-prod.shotgunstudio.com/api/v1/entity/Asset/1579
    body:
      encoding: US-ASCII
      string: ''
    headers:
      User-Agent:
      - Faraday v1.4.2
      Content-Type:
      - application/json
      Accept:
      - application/json
      Authorization: "<ACCESS_TOKEN>"
  response:
    status:
      code: 204
      message: No Content
    headers:
      date:
      - Mon, 14 Jun 2021 06:49:55 GMT
      connection:
      - keep-alive
      cache-control:
      - no-cache, max-age=0
      server:
      - nginx + Phusion Passenger(R)
      status:
      - 204 No Content
      strict-transport-security:
      - max-age=63072000; includeSubDomains; preload
      x-frame-options:
      - SAMEORIGIN
      x-request-id:
      - 7c099d413bb235efc95b9d9433011322
    body:
      encoding: UTF-8
      string: ''
  recorded_at: Mon, 14 Jun 2021 06:49:55 GMT
- request:
    method: get
    uri: https://pasind3-prod.shotgunstudio.com/api/v1/entity/Asset?fields=%2A&filter%5Bid%5D=1579&page%5Bnumber%5D=1&page%5Bsize%5D=1
    body:
      encoding: US-ASCII
      string: ''
    headers:
      User-Agent:
      - Faraday v1.4.2
      Accept:
      - application/json
      Authorization: "<ACCESS_TOKEN>"
  response:
    status:
      code: 200
      message: OK
    headers:
      date:
      - Mon, 14 Jun 2021 06:49:56 GMT
      content-type:
      - application/json; charset=utf-8
      transfer-encoding:
      - chunked
      connection:
      - keep-alive
      cache-control:
      - private, max-age=0, must-revalidate
      etag:
      - W/"57bfb9b17dee1230247170f39d2b780e"
      server:
      - nginx + Phusion Passenger(R)
      status:
      - 200 OK
      strict-transport-security:
      - max-age=63072000; includeSubDomains; preload
      x-frame-options:
      - SAMEORIGIN
      x-request-id:
      - c18f9b10682fc5c1449afacbb529a310
    body:
      encoding: ASCII-8BIT
      string: '{"data":[],"links":{"self":"/api/v1/entity/Asset?fields=%2A&filter%5Bid%5D=1579&page%5Bnumber%5D=1&page%5Bsize%5D=1","next":"/api/v1/entity/Asset?fields=%2A&filter%5Bid%5D=1579&page%5Bnumber%5D=2&page%5Bsize%5D=1"}}'
  recorded_at: Mon, 14 Jun 2021 06:49:56 GMT
recorded_with: VCR 6.0.0
